
SQL> 
select min(majorid) from student
min(majorid)
------
    10

SQL> 
exit
