
SQL> 
select max(majorid) from student
max(majorid)
------
    30

SQL> 
exit
