 count(sid) gradyear
--------------------
          2     2005
          2     2001
